На Украине объявили окончательные итоги выборов 
По итогам подсчета 100% голосов результат победителя Петра Порошенко составил 54,7% . 
	Person
	{
		Name = ПОРОШЕНКО ПЕТР
	}
На Украине подвели окончательные итоги прошедших 25 мая президентских выборов . 
По итогам подсчета 100% голосов результат победителя Петра Порошенко составил 54,7% . 
	Person
	{
		Name = ПОРОШЕНКО ПЕТР
	}
Второе место заняла Юлия Тимошенко , которую поддержали 12,8% избирателей . 
	Person
	{
		Name = ТИМОШЕНКО ЮЛИЙ
	}
Третье место досталось народному депутату Олегу Ляшко - он получил 8,32% голосов . 
	Person
	{
		Name = ЛЯШКО ОЛЕГ
	}
Окончательная явка на президентских выборах составила 60,29% . 
Инаугурация запланирована на 9 или 10 июня . 
С победой на выборах Порошенко поздравили многие западные руководители , в том числе генсек ООН Пан Ги Мун и президент США Барак Обама . 
	Person
	{
		Name = ПОРОШЕНКО
	}
	Person
	{
		Name = ПАН ГИ
	}
	Person
	{
		Name = ОБАМА БАРАК
	}
Что касается российского лидера , то помощник главы государства Юрий Ушаков 28 мая заявил , что Владимир Путин поздравит Порошенко после подведения окончательных итогов выборов . 
	Person
	{
		Name = УШАКОВ ЮРИЙ
	}
	Person
	{
		Name = ПУТИН ВЛАДИМИР
	}
	Person
	{
		Name = ПОРОШЕНКО
	}
Петр Порошенко объявил , что после инаугурации подпишет экономическую часть Соглашения об ассоциации с Евросоюзом . 
	Person
	{
		Name = ПОРОШЕНКО ПЕТР
	}
Ожидается , что новый украинский лидер может встретиться с Путиным 6 июня во время празднования 70-летия высадки союзнических войск в Нормандии . 
	Person
	{
		Name = ПУТИН ВЛАДИМИР
	}
Встреча Порошенко с Обамой может произойти еще раньше - 3 июня в Варшаве , отмечает РБК . 
	Person
	{
		Name = ПОРОШЕНКО
	}
	Person
	{
		Name = ОБАМА БАРАК
	}
Порошенко уже заявил о готовности вести диалог с российским руководством . 
	Person
	{
		Name = ПОРОШЕНКО
	}
Новый президент хочет сохранить региональный статус русского языка и предоставить большую самостоятельность региональным властям . 
Он отметил , что спецоперация на востоке Украины должна длиться не два-три месяца , а несколько часов . 
Одним из основных пунктов предвыборной программы Порошенко является возвращение Крыма мирным , дипломатическим путем . 
	Person
	{
		Name = ПОРОШЕНКО
	}
