Обсуждение детектива Устиновой о Госдуме , заказанного Нарышкиным , открыло клуб парламентских журналистов 
	Person
	{
		Name = УСТИНОВА ТАТЬЯНА
	}
Спикер Госдумы выразил надежду , что книга заставит задуматься над ролью "представительной демократии , представительной власти в поиске общественного согласия" . 
	Person
	{
		Name = ГОСДУМЫ ДЖАХАН
	}
Сергей Нарышкин открыл медиаклуб парламентских журналистов , на котором был представлен новый детектив писательницы Татьяны Устиновой , посвященный российскому парламенту . 
	Person
	{
		Name = НАРЫШКИН СЕРГЕЙ
	}
	Person
	{
		Name = УСТИНОВА ТАТЬЯНА
	}
"Этот клуб станет еще одной площадкой для встреч парламентариев с парламентскими журналистами , где возможно обсуждение самых разных вопросов - от внутренней и внешней политики до таких тем , как культура , история , духовность" , - цитирует NEWSru.com Нарышкина . 
На заседании клуба был представлен новый детективный роман Татьяны Устиновой "Сто лет пути" . 
	Person
	{
		Name = УСТИНОВА ТАТЬЯНА
	}
В романе описываются события из жизни современного парламента и Госдумы начала ХХ века , сказал председатель нижней палаты парламента . 
	Person
	{
		Name = ГОСДУМЫ ДЖАХАН
	}
"Надеюсь , что книга будет не просто интересна для читателей , но еще больше подогреет их интерес к истории парламентаризма , истории бурной , сложной , подчас извилистой" , - отметил Нарышкин . 
	Person
	{
		Name = НАРЫШКИН СЕРГЕЙ
	}
Автор книги Татьяна Устинова сообщила , что в работе над романом использовала "чемодан документов" , привезенных из архивов Государственной думы . 
	Person
	{
		Name = УСТИНОВА ТАТЬЯНА
	}
Напомним , ранее писательница сообщала , что идею написания произведения ей подсказали спикер Госдумы Сергей Нарышкин и руководитель аппарата нижней палаты Джахан Поллыева , а историю придумала уже она сама . 
	Person
	{
		Name = ГОСДУМЫ ДЖАХАН
	}
	Person
	{
		Name = НАРЫШКИН СЕРГЕЙ
	}
	Person
	{
		Name = ПОЛЛЫЕВ
	}
Глава аппарата Госдумы Джахан Поллыева , подводя итоги заседания , заметила , что медиаклуб продолжит свою работу . 
	Person
	{
		Name = ГОСДУМЫ ДЖАХАН
	}
	Person
	{
		Name = ПОЛЛЫЕВ
	}
В частности , эта площадка могла бы помочь реализовать творческую составляющую работы парламентских журналистов . 
