Недоглядел Посла Японии уволили за то , что не собрал вовремя информацию о поездке Дмитрия Медведева на Курилы . 
	Person
	{
		Name = МЕДВЕДЕВ ДМИТРИЙ
	}
Посол Японии в России Масахару Коно будет снят с должности . 
	Person
	{
		Name = КОНО МАСАХАРУ
	}
Поводом для отзыва стал тот факт , что дипмиссия не смогла вовремя предоставить правительству Страны восходящего солнца точных сведений о визите российского президента на Курильские острова . 
Ранее источники в посольстве докладывали , что Дмитрий Медведев воздержится от поездки . 
	Person
	{
		Name = МЕДВЕДЕВ ДМИТРИЙ
	}
Однако , как известно , глава России 31 октября всё же побывал с рабочей поездкой на южных островах архипелага . 
Как сообщает РБК , решение об увольнении Коно было принято 22 декабря . 
	Person
	{
		Name = КОНО МАСАХАРУ
	}
Предполагается , что его место займёт посол Японии в Чехии Синдзи Харада , ранее возглавлявший отдел России в японском МИДе . 
	Person
	{
		Name = ХАРАДА СИНДЗИ
	}
Напомним также , что после поездки Дмитрия Медведева на Курилы премьер-министр Японии Н. Кан заявил , что этот визит "вызывает сожаление" , а глава японского МИДа Сэйдзи Маэхара отметил , что этот поступок "ранит чувства японского народа" . 
	Person
	{
		Name = МЕДВЕДЕВ ДМИТРИЙ
	}
	Person
	{
		Name = КАН Н
	}
	Person
	{
		Name = МАЭХАРА СЭЙДЗИ
	}
На следующий день он отозвал из России посла . 
Однако через некоторое время представитель японского дипломатического ведомства вновь вернулся в Москву . 
