Украинский лидер призвал российского остановить нелегальный поток техники , перестать рекрутировать наемников и отвести войска от границ . 
Президент Украины Петр Порошенко заявил , что полноценная нормализация отношений с Россией не будет осуществлена без возвращения Крыма . 
	Person
	{
		Name = ПОРОШЕНКО ПЕТР
	}
"Без возвращения Крыма нормализация наших отношений невозможна . 
Но мы люди мира . 
И поэтому украинская власть и я , как президент , выступили с мирным планом" , — цитирует Газета.Ru выступление Порошенко во время сессии Парламентской ассамблеи Совета Европы ( ПАСЕ ) в Страсбурге в четверг . 
	Person
	{
		Name = ПОРОШЕНКО ПЕТР
	}
Глава украинского государства напомнил европейским парламентариям , что в ходе состоявшихся накануне телефонных консультаций с президентом России Владимиром Путиным , президентом Франции Франсуа Олландом и канцлером Германии Ангелой Меркель российский президент поддержал его мирный план . 
	Person
	{
		Name = ПУТИН ВЛАДИМИР
	}
	Person
	{
		Name = ОЛЛАНДОМ ФРАНСУА
	}
	Person
	{
		Name = МЕРКЕЛЬ АНГЕЛА
	}
В то же время Порошенко отметил , что Киев ждет такой поддержки не на словах , а на деле . 
	Person
	{
		Name = ПОРОШЕНКО ПЕТР
	}
"Усильте охрану границ , остановите нелегальный поток техники , перестаньте рекрутировать наемников , в конце концов , отведите войска" , — призвал украинский президент . 
