Дмитрий Быков и "Льюис Кэрролл" номинированы на премию Стругацких 
	Person
	{
		Name = БЫКОВ ДМИТРИЙ
	}
	Person
	{
		Name = СТРУГАЦКИХ БОРИС
	}
Объявлены финалисты Международной премии имени Аркадия и Бориса Стругацких ( АБС-Премии ) в двух номинациях . 
	Person
	{
		Name = СТРУГАЦКИХ БОРИС
	}
В художественной номинации за победу будут бороться роман "Икс" Дмитрия Быкова , "Педагогическая поэма второго порядка" Евгения Лукина и сборник рассказов в жанре стимпанк "Кетополис : Киты и броненосцы" Грея Ф. Грина . 
	Person
	{
		Name = БЫКОВ ДМИТРИЙ
	}
	Person
	{
		Name = ЛУКИН ЕВГЕНИЙ
	}
	Person
	{
		Name = ГРЕЙ
	}
	Person
	{
		Name = ГРИН Ф
	}
За последним псевдонимом , по некоторым данным , скрывается группа авторов , выдающих себя за переводчиков малоизвестного писателя из Исландии . 
Согласно легенде , настоящее имя Грея Ф. Грина — Халлдор Олафур Лахнесс , пишет Лента.ру . 
	Person
	{
		Name = ГРЕЙ
	}
	Person
	{
		Name = ГРИН Ф
	}
	Person
	{
		Name = ЛАХНЕСС ОЛАФУР
	}
Номинацию нон-фикшн в финале конкурса представляют "Льюис Кэррол" Нины Демуровой , "Марк Твен" Максима Чертанова и двухтомник "Стругацкие . 
	Person
	{
		Name = ДЕМУРОВОЙ НИНА
	}
	Person
	{
		Name = ЧЕРТАНОВА МАКСИМ
	}
Материалы к исследованию : письма , рабочие дневники . 
1972-1984" , составленный Виктором Курильским и Светланой Бондаренко . 
	Person
	{
		Name = КУРИЛЬСКИЙ ВИКТОР
	}
	Person
	{
		Name = БОНДАРЕНКО СВЕТЛАНА
	}
Вручение АБС-Премии пройдет 21 июня в Пулковской обсерватории Санкт-Петербурга . 
Литературная премия имени братьев Стругацких вручается с 1999 года за лучшее художественное произведение в области фантастики и за лучшее критико-публицистическое произведение о фантастике . 
	Person
	{
		Name = СТРУГАЦКИХ БОРИС
	}
До своей смерти в ноябре 2012 года Борис Стругацкий лично составлял шорт-лист премии . 
	Person
	{
		Name = СТРУГАЦКИЙ БОРИС
	}
О творчестве Бориса Стругацкого читайте в статье Частного корреспондента "Памяти Бориса Стругацкого" 
	Person
	{
		Name = СТРУГАЦКИЙ БОРИС
	}
	Person
	{
		Name = СТРУГАЦКИЙ БОРИС
	}
