С 3 по 17 апреля в Кушадаси ( Турции ) проходил 7-й личный чемпионат Европы по шахматам . 
Турнир проходил по швейцарской системе в 11 туров . 
В мужском турнире принимали участие 138 шахматистов из 36 стран . 
Наибольший рейтинг в турнире имел Василий Иванчук ( Украина ) — 2731 . 
	Person
	{
		Name = ИВАНЧУК ВАСИЛИЙ
	}
От России в мужском турнире играли девять шахматистов : Константин Сакаев ( 2637 ) , Александр Галкин ( 2618 ) , Владимир Белов ( 2599 ) , Эрнесто Инаркиев ( 2602 ) , Максим Туров ( 2539 ) , Игорь Курносов ( 2526 ) , Сергей Искусных ( 2510 ) , Алексей Илюшин ( 2483 ) , Евгений Романов ( 2480 ) и две шахматистки : Надежда Косинцева ( 2469 ) и Татьяна Косинцева ( 2489 ) . 
	Person
	{
		Name = САКАЕВ КОНСТАНТИН
	}
	Person
	{
		Name = ГАЛКИН АЛЕКСАНДР
	}
	Person
	{
		Name = БЕЛОВ ВЛАДИМИР
	}
	Person
	{
		Name = ИНАРКИЕВ ЭРНЕСТО
	}
	Person
	{
		Name = ТУРОВ МАКСИМ
	}
	Person
	{
		Name = КУРНОСОВ ИГОРЬ
	}
	Person
	{
		Name = ИСКУСНЫХ СЕРГЕЙ
	}
	Person
	{
		Name = ИЛЮШИН АЛЕКСЕЙ
	}
	Person
	{
		Name = РОМАНОВ ЕВГЕНИЙ
	}
	Person
	{
		Name = КОСИНЦЕВА НАДЕЖДА
	}
	Person
	{
		Name = КОСИНЦЕВА ТАТЬЯНА
	}
Новым чемпионом Европы стал гроссмейстер из Хорватии Зденко Кожул — 8,5 очков из 11 ( + 6 – 0 = 5 ) . 
	Person
	{
		Name = КОЖУЛ ЗДЕНКО
	}
Второе место занял Василий Иванчук — 8 очков ( + 5 – 0 = 6 ) . 
	Person
	{
		Name = ИВАНЧУК ВАСИЛИЙ
	}
Третье место поделили 8 гроссмейстеров , которые набрали по 7,5 очков , среди них два российских шахматистов : Владимир Белов и Эрнесто Инаркиев . 
	Person
	{
		Name = БЕЛОВ ВЛАДИМИР
	}
	Person
	{
		Name = ИНАРКИЕВ ЭРНЕСТО
	}
В женском турнире принимали участие 96 шахматисток . 
От России играли Наталья Погонина ( 2440 ) , Татьяна Шадрина ( 2371 ) , Ирина Турова ( 2362 ) , Анна Буртасова ( 2293 ) и Мария Курсова ( 2333 ) . 
	Person
	{
		Name = ПОГОНИНА НАТАЛЬЯ
	}
	Person
	{
		Name = ШАДРИНА ТАТЬЯНА
	}
	Person
	{
		Name = ТУРОВА ИРИНА
	}
	Person
	{
		Name = БУРТАСОВА АННА
	}
	Person
	{
		Name = КУРСОВА МАРИЯ
	}
Чемпионкой Европы стала шахматистка из Турции Екатерина Аталык ( Половникова ) — 8,5 очков из 11 . 
	Person
	{
		Name = АТАЛЫК ЕКАТЕРИНА
	}
	Person
	{
		Name = ПОЛОВНИКОВ
	}
Второе место заняла Теа Босбум-Ланчава ( Нидерланды ) — 8 очков . 
	Person
	{
		Name = БОСБУМ-ЛАНЧАВА ТЕА
	}
Среди российских шахматисток наибольшее количество очков — 6,5 набрали Ирина Турова и Наталья Погонина , они разделили места с 19 по 29 . 
	Person
	{
		Name = ТУРОВА ИРИНА
	}
	Person
	{
		Name = ПОГОНИНА НАТАЛЬЯ
	}
