Михаил Саакашвили уверенно лидирует на досрочных президентских выборах в Грузии . 
	Person
	{
		Name = СААКАШВИЛИ МИХАИЛ
	}
Предварительные результаты После обработки протоколов с 3070 избирательных участков ( из 3512 ) . 
1 . 
Михаил Саакашвили — 52,1 % ( 922774 голоса ) 2 . 
	Person
	{
		Name = СААКАШВИЛИ МИХАИЛ
	}
Леван Гацелицадзе — 24,98 % ( 442478 голосов ) 3 . 
	Person
	{
		Name = ГАЦЕЛИЦАДЗЕ ЛЕВАН
	}
Аркади Патаркацишвили — 6,69 % ( 118481 голос ) 4 . 
	Person
	{
		Name = ПАТАРКАЦИШВИЛИ АРКАДИ
	}
Шалва Нателашвили — 6,3 % ( 111639 голосов ) 5 . 
	Person
	{
		Name = НАТЕЛАШВИЛИ ШАЛВА
	}
Давид Гамкрелидзе — 3,91 % ( 69330 голосов ) 6 . 
	Person
	{
		Name = ГАМКРЕЛИДЗЕ ДАВИД
	}
Гиорги Маисашвили — 0,74 % ( 13009 голосов ) 7 . 
	Person
	{
		Name = МАИСАШВИЛИ ГИОРГИ
	}
Ирина Саишвили-Чантурия — 0,19 % ( 3401 голос ) 
	Person
	{
		Name = САИШВИЛИ-ЧАНТУРИЯ ИРИНА
	}
Комментарии 
Как заявили наблюдатели от Организацию по безопасности и сотрудничеству в Европе , прошедшие в Грузии президентские выборы , в целом , соответствовали международным стандартам . 
Вместе с тем , по мнению делегации ОБСЕ , предвыборная кампания выявила ряд серьезных проблем , среди которых — отсутствие доверия к друг другу среди участников политического процесса . 
Президент Грузии Михаил Сааакашвили объявил о переизбрании на пост главы государства , однако лидер оппозиции Леван Гачечиладзе назвал итоги выборов подтасованными и призвал тысячи своих сторонников собраться на митинг в Тбилиси . 
	Person
	{
		Name = САААКАШВИЛИ МИХАИЛ
	}
	Person
	{
		Name = ГАЧЕЧИЛАДЗЕ ЛЕВАН
	}
В соответствии с грузинской конституцией , если победитель не набрал более половины голосов , должен быть проведен второй тур голосования . 
Он может состояться 19 января . 
Несколько избирателей с беседе с корреспондентом "Голоса Америки" отметили особую важность выборов , призванных прояснить настроения народа после волны демонстраций протеста в ноябре . 
Власти тогда применили силу для разгона манифестантов , а президент Саакашвили объявил чрезвычайное положение . 
	Person
	{
		Name = СААКАШВИЛИ МИХАИЛ
	}
Это решение вызвало критику и нанесло ущерб демократическому имиджу Грузии . 
В интервью "Голосу Америки" наблюдатель от ОБСЕ португальский парламентарий Хуан Суареш сообщил : "Мы подытожим информацию и вынесем заключение на основе выводов участников долгосрочного и краткосрочного мониторинга" . 
	Person
	{
		Name = СУАРЕШ ХУАН
	}
Глава представительства США в регионе помощник заместителя госсекретаря Мэтью Брайза призвал грузинскую общественность согласится с заключением западных наблюдателей . 
	Person
	{
		Name = БРАЙЗА МЭТЬЮ
	}
Одновременно с избранием президента в стране проходил необязательный к исполнению референдум о членстве страны в НАТО . 
Шестеро из семи кандидатов поддержали вступление Грузии в Атлантический альянс . 
Столь же единодушно высказывается и население страны . 
Однако работник экспедиторской фирмы Давид Мирианашвали принадлежит к меньшинству , считающему , что выбор НАТО будет означать для Грузии потерю российского рынка . 
	Person
	{
		Name = МИРИАНАШВАЛИ ДАВИД
	}
А это , по его словам , будет иметь отрицательные последствия для страны . 
Тбилисский врач Акакий Нишнианидзе считает , что Грузия стала пешкой в геополитической игре , которую субботний референдум не решит . 
	Person
	{
		Name = НИШНИАНИДЗЕ АКАКИЙ
	}
Он говорит , что вопрос политической ориентации Грузии будет решаться в Америке и России . 
Архитектор Ираклий Лолашвили голосовал за вступление в НАТО . 
	Person
	{
		Name = ЛОЛАШВИЛИ ИРАКЛИЙ
	}
По его мнению страны Балтии могут служить прецедентом мирного сосуществования между Москвой и бывшими советскими республиками в составе НАТО . 
"Грузия и Россия должны развивать отношения на новой основе равенства . 
Русские до сих пор считают нас частью России . 
Но это со временем уйдет" , — прогнозирует Лолашвили . 
	Person
	{
		Name = ЛОЛАШВИЛИ ИРАКЛИЙ
	}
