Судейский комитет ФИФА на своём заседании в Цюрихе ( Швейцария ) назвал имена 23-х арбитров , которые будут обслуживать матчи предстоящего летом этого года чемпионата мира по футболу . 
В число избранных попал и лучший арбитр Россия — Валентин Иванов . 
	Person
	{
		Name = ИВАНОВ ВАЛЕНТИН
	}
23 арбитра представляют 23 страны . 
В последний раз российский судья участвовал в чемпионате мира 1998 года во Франции , это был Николай Левников . 
	Person
	{
		Name = ЛЕВНИКОВ НИКОЛАЙ
	}
Полный список арбитров , которые будут обслуживать матчи финальной стадии чемпионата мира 2006 года в Германии с 9 июня по 7 июля : 
Австралию представляет один арбитр : 
• Марк Шилд ( Австралия ) 
	Person
	{
		Name = ШИЛД МАРК
	}
Азию представляют два арбитра : 
• Тору Камикава ( Япония ) • Шамсул Майдин ( Сингапур ) 
	Person
	{
		Name = КАМИКАВА ТОР
	}
	Person
	{
		Name = МАЙДИН ШАМСУЛ
	}
Африку представляют два арбитра : 
• Коффи Коджа ( Бенин ) • Эссам Абд Эль Фатах ( Египет ) 
	Person
	{
		Name = КОДЖА КОФФИ
	}
	Person
	{
		Name = БЕНИН
	}
Европу представляют десять арбитров : 
• Грэм Полл ( Англия ) • Франк Де Блекере ( Бельгия ) • Маркус Мерк ( Германия ) • Кирос Вассарас ( Греция ) • Мануэль Мехуто Гонсалес ( Испания ) • Массимо Де Сантис ( Италия ) • Валентин Иванов ( Россия ) • Любош Михел ( Словакия ) • Эрик Пула ( Франция ) • Массимо Бузакка ( Швейцария ) 
	Person
	{
		Name = ПОЛЛ ГРЭМ
	}
	Person
	{
		Name = ДЕ ФРАНК
	}
	Person
	{
		Name = МЕРК МАРКУС
	}
	Person
	{
		Name = ВАССАРАС КИРОС
	}
	Person
	{
		Name = МЕХУТО МАНУЭЛЬ
	}
	Person
	{
		Name = ДЕ МАССИМО
	}
	Person
	{
		Name = ИВАНОВ ВАЛЕНТИН
	}
	Person
	{
		Name = МИХЕЛ ЛЮБОШ
	}
	Person
	{
		Name = ПУЛА ЭРИК
	}
	Person
	{
		Name = БУЗАККА МАССИМО
	}
Центральную Америку представляют три арбитра : 
• Карлос Батрес ( Гватемала ) • Бенито Арчундия ( Мексика ) • Петер Прендергаст ( Ямайка ) 
	Person
	{
		Name = БАТРЕС КАРЛОС
	}
	Person
	{
		Name = АРЧУНДИЯ БЕНИТО
	}
	Person
	{
		Name = ПРЕНДЕРГАСТ ПЕТЕР
	}
Южную Америку представляют пять арбитров : 
• Горацио Элисондо ( Аргентина ) • Карлос Симон ( Бразилия ) • Оскар Руис ( Колумбия ) • Карлос Амарилья ( Парагвай ) • Хорхе Ларрионда ( Уругвай ) 
	Person
	{
		Name = ЭЛИСОНДО ГОРАЦИО
	}
	Person
	{
		Name = АРГЕНТИН
	}
	Person
	{
		Name = СИМОН КАРЛОС
	}
	Person
	{
		Name = РУИС ОСКАР
	}
	Person
	{
		Name = АМАРИЛЬЯ КАРЛОС
	}
	Person
	{
		Name = ЛАРРИОНДА ХОРХЕ
	}
