"Нормандская четверка" соберется в Париже 
Темой разговора станут минские соглашения и миротворцы . 
Исполнение минских договоренностей , которые были подписаны в начале февраля украинскими военными и сепаратистами и исполнение которых пока вызывает сомнения , станут темой для обсуждения на новой встрече в "нормандском формате" . 
О грядущих переговорах , которые должны состояться в Париже 24 февраля сообщают диписточники . 
С российской стороны участие во встрече , вероятно , примет российский министр иностранных дел Сергей Лавров , пишет ИТАР-ТАСС . 
	Person
	{
		Name = ЛАВРОВ СЕРГЕЙ
	}
О встрече министры ФРГ , Украины , Франции и России договорились еще несколько дней назад . 
Переговорщики , как сообщается , обсудят пути выполнения минских договоренностей , в частности отвод тяжелого вооружения . 
Источники отмечают , что переговоры , вероятно , "будут довольно сложными" , но при этом не исключены их "положительные результаты" . 
Украину на переговорах будет представлять глава министерства иностранных дел Украины Павел Климкин . 
	Person
	{
		Name = КЛИМКИН ПАВЕЛ
	}
Он будет настаивать на немедленном прекращении огня . 
"Наша позиция - Россия и поддерживаемые ею террористы должны прекратить обстрелы и выполнять договоренности , достигнутые в Минске" , - сообщил спикер МИД Украины Евгений Перебийнис . 
	Person
	{
		Name = ПЕРЕБИЙНИС ЕВГЕНИЙ
	}
Министр иностранных дел Германии Франк-Вальтер Штайнмайер , который , вероятно , завтра будет беседовать с Лавровым и Климкиным , указал , что миротворческая миссия ООН на Украине возможна , но ее организация займет много времени . 
	Person
	{
		Name = ШТАЙНМАЙЕР ФРАНК-ВАЛЬТЕР
	}
	Person
	{
		Name = ЛАВРОВ СЕРГЕЙ
	}
	Person
	{
		Name = КЛИМКИН ПАВЕЛ
	}
"Мы возлагаем надежды на то , что уже имеем , а именно - на миссию наблюдателей ОБСЕ , которую нужно расширить и сделать более эффективной" , - добавил он . 
Руководитель украинского внешнеполитического ведомства заявил , что на переговорах он собирается поднять вопрос о "возможности и целесообразности" размещения контингента ООН или ЕС в зоне конфликта на Донбассе . 
По словам Климкина , эта тема будет обсуждаться в рамках вопросов о "дополнительных элементах стабилизации" и механизмах выполнения минских договоренностей . 
	Person
	{
		Name = КЛИМКИН ПАВЕЛ
	}
"Я надеюсь , что будут активно обсуждаться эти вопросы" , - сказал министр . 
При этом он допустил , что ситуация с миротворцами может разрешиться при участии контактной группы , в которую входят представители РФ , Украины , ОБСЕ , ДНР и ЛНР . 
"Естественно , вопрос будет прорабатываться в разных форматах , а в каких именно - мы посмотрим" , - добавил глава МИД . 
Между тем , по данным прессы , перемирие , которое должно было вступить в силу в ночь на 15 февраля , регулярно нарушается . 
В частности , сепаратисты вместо того , чтобы начать отвод вооружений , взяли под контроль Дебальцево . 
По некоторым данным , сторонники отделения Донбасса от Украины усиливают присутствие техники вблизи линии разграничения : две колонны техники были введены в Горловку , пишет местный сайт . 
Сами сепаратисты жаловались , что украинские военные якобы обстреливают их позиции под Мариуполем . 
Между тем министр иностранных дел Великобритании Филип Хаммонд назвал "циничным" участие России в минском процессе , посетовав , что договоренности , заключенные при участии РФ , нарушаются . 
	Person
	{
		Name = ХАММОНД ФИЛИП
	}
Премьер-министр Великобритании Дэвид Кэмерон предложил : если сепаратисты предпримут атаку на Мариуполь , тогда Запад введет новые санкции против России . 
	Person
	{
		Name = КЭМЕРОН ДЭВИД
	}
Министр иностранных дел Эстонии Кейт Пентус Роозиманнус также высказалась в поддержку усиления давления на Россию в случае невыполнения минских договоренностей . 
	Person
	{
		Name = ПЕНТУС КЕЙТ
	}
Напомним , на Западе обвиняют Москву в помощи сепаратистам и повторяют обвинения регулярно , хотя в Кремле их категорически отрицают . 
Сегодня постоянный представитель США при ООН Саманта Пауэр заявила , что "Россия сегодня занимается подготовкой , снабжает оружием , поддерживает и воюет бок о бок с сепаратистами , которые захватили часть Украины" , подчеркнув , что подобные действия являются "грубым нарушением Устава ООН , а также посягательством на суверенитет , независимость и территориальную целостность" . 
	Person
	{
		Name = ПАУЭР САМАНТА
	}
Глава МИД Литвы Линас Линкявичус также обвинил Москву в том , что она якобы "вмешивается во внутренние дела независимых государств" и "ведет войну против соседей" . 
	Person
	{
		Name = ЛИНКЯВИЧУС ЛИНАС
	}
