"Братья , вас разводят на вражду !" 
Музыканты Шевчук , Гребенщиков , Бутусов и Леонидов обратились к россиянам и украинцам . 
	Person
	{
		Name = ШЕВЧУК ЮРИЙ
	}
	Person
	{
		Name = ГРЕБЕНЩИКОВ БОРИС
	}
	Person
	{
		Name = БУТУСОВ ВЯЧЕСЛАВ
	}
	Person
	{
		Name = ЛЕОНИДОВ МАКСИМ
	}
Лидер ДДТ Юрий Шевчук , лидер группы "Аквариум" Борис Гребенщиков , основатель "Наутилус Помпилиус" и "Ю-Питер" Вячеслав Бутусов , а также музыкант и актер Максим Леонидов обратились к братским народам России и Украины с призывом не допустить войны между странами . 
	Person
	{
		Name = ШЕВЧУК ЮРИЙ
	}
	Person
	{
		Name = ГРЕБЕНЩИКОВ БОРИС
	}
	Person
	{
		Name = БУТУСОВ ВЯЧЕСЛАВ
	}
	Person
	{
		Name = ЛЕОНИДОВ МАКСИМ
	}
Культовые российские рок-музыканты записали для украинского телеканала 1+1 видеообращение , в котором призвали россиян и украинцев к миру и дружбе , пишет NEWSru.com . 
Шевчук рассказал , что в прошлом году вместе со своей интернациональной группой ДДТ побывал во многих городах Украины и везде видел очаровательные глаза , и отметил , что русские и украинцы - братские народы . 
	Person
	{
		Name = ШЕВЧУК ЮРИЙ
	}
Гребенщиков призвал всех славян не сеять вражду , поскольку это выгодно людям , которые и начали конфликт . 
	Person
	{
		Name = ГРЕБЕНЩИКОВ БОРИС
	}
Бутусов назвал украинцев близкими людьми и сообщил , что будет молиться за страну , которую постигла такая беда . 
	Person
	{
		Name = БУТУСОВ ВЯЧЕСЛАВ
	}
А Леонидов заявил , что сейчас идет большая политическая игра , в которой меньше всего думают об украинском и русском народах , поэтому надо быть умнее и не дать себя развести . 
	Person
	{
		Name = ЛЕОНИДОВ МАКСИМ
	}
Максим Леонидов : "Так получилось , что родина моих предков и по материнской , и по отцовской линии - Украина . . . 
	Person
	{
		Name = ЛЕОНИДОВ МАКСИМ
	}
Поэтому мне очень больно видеть то , что сейчас происходит . 
Знаете , идет большая политическая игра . 
И в этой политической игре меньше всего думают об украинском народе , точно так же , как и о русском народе . 
Поэтому у меня к вам огромная просьба - давайте будем умнее ! 
Не дайте себя развести . 
Потому что то , что сейчас происходит - это просто разводка , вас разводят на вражду . 
Не враждуйте ! 
Давайте жить дружно !" 
Борис Гребенщиков : "Мы все знаем , что находимся сейчас в очень тяжелом положении . 
	Person
	{
		Name = ГРЕБЕНЩИКОВ БОРИС
	}
Ваша страна , наша страна - все равно одна страна , один народ . 
И то , что между нами сейчас сеют рознь . . . 
Как говорил великий Антоний Сурожский : "Сеющий рознь между людьми умножает ненависть и тьму , тот , кто ненавидит одних ради других , играет на руку дьяволу" . 
	Person
	{
		Name = СУРОЖСКИЙ АНТОНИЙ
	}
Я молюсь за то , чтобы это кончилось , чтобы мы перестали воевать друг с другом , потому что это на руку только тем людям , которые получают за это деньги" . 
Вячеслав Бутусов : "Я обращаюсь не только к нашим дорогим и близким людям в Украине , но и ко всем людям , которые имеют внимание к этому вопросу , и ко всем людям , которым не наплевать на то , что происходит сейчас в мире . . . 
	Person
	{
		Name = БУТУСОВ ВЯЧЕСЛАВ
	}
Мы ничего не знаем . 
Я не верю никакому телевидению , я не слушаю никакого радио и не читаю никаких газет . . . 
Такая ситуация , когда нужно уповать на Господа Бога . 
Нужно вспомнить о том , что Господь Бог смотрит на нас с неба и ждет , когда мы все к нему обратимся . 
Больше нам обращаться не к кому . 
Мы молимся за вас . 
И за себя мы молимся , потому что всем нам страшно" . 
Юрий Шевчук : "В прошлом году наша команда проехала практически по всей Украине . 
	Person
	{
		Name = ШЕВЧУК ЮРИЙ
	}
Мы были и на Западе , и на Востоке , и на юге , и в Центре , и в Донецке , в Харькове , и в Киеве , и во Львове . 
	Person
	{
		Name = ЛЬВОВ
	}
И везде мы видели замечательные глаза . 
Наш коллектив тоже интернационален . 
Наш пианист и клавишник Константин Шумайлов из города Одессы , а наш звукорежиссер Андрей Дудко из города Днепропетровска . 
	Person
	{
		Name = ШУМАЙЛОВ КОНСТАНТИН
	}
	Person
	{
		Name = ДУДКО АНДРЕЙ
	}
Мы , люди России и Украины , - родня . 
И поэтому мы должны сделать все возможное , чтобы войны никакой не было . 
Не стреляй ! 
Мира всем !" 
