Самолет с Виталием Калоевым на борту приземлился в столичном аэропорту "Домодедово" . 
	Person
	{
		Name = КАЛОЕВ ВИТАЛИЙ
	}
В аэропорту его встречали около 30 друзей и родственников . 
Калоев , потерявший в авиакатастрофе над Боденским озером в 2002 году свою семью , заявил , что благодарен всем гражданам России за поддержку , которую они ему оказали . 
	Person
	{
		Name = КАЛОЕВ ВИТАЛИЙ
	}
"Находясь в тюрьме , я не чувствовал себя вне своей родины" , — сказал он . 
