"СТС Медиа" купил Caramba TV 
Телекомпания приобрела производителя юмористических видеопрограмм в интернете . 
"СТС Медиа" приобрел контрольный пакет видеокомпании Caramba TV , которая выпускает интернет-шоу "+ 100500" , пишет "Коммерсант" . 
Приобретение могло обойтись "СТС" в 150 млн рублей . 
У основателей компании Михаила Орлова и Максима Голополосова остается миноритарный пакет акций . 
	Person
	{
		Name = ОРЛОВ МИХАИЛ
	}
	Person
	{
		Name = ГОЛОПОЛОСОВА МАКСИМ
	}
Команда Caramba TV будет участвовать в разработке трансмедийных проектов "СТС Медиа" . 
"Карамба ТВ" создано в конце октября 2014 года . 
Его учредителями стали Михаил Орлов , ведущий "+ 100500" Максим Голополосов и режиссер этого же шоу Петр Сивак , а также Дмитрий Рязанов и ООО "Скалл Партнерс" . 
	Person
	{
		Name = ОРЛОВ МИХАИЛ
	}
	Person
	{
		Name = ГОЛОПОЛОСОВ МАКСИМ
	}
	Person
	{
		Name = СИВАК ПЕТР
	}
	Person
	{
		Name = РЯЗАНОВ ДМИТРИЙ
	}
ООО "Скалл Партнерс" принадлежит Орлову , Голополосову и Сиваку , через компанию они владеют 49% акций "Карамба ТВ" . 
	Person
	{
		Name = ОРЛОВ МИХАИЛ
	}
	Person
	{
		Name = СИВАК ПЕТР
	}
Лично всем троим принадлежит по 7,65% , а Рязанову — 28% . 
	Person
	{
		Name = РЯЗАНОВ ДМИТРИЙ
	}
У сайта Caramba TV около двух миллионов уникальных посетителей и примерно 20 миллионов показов видео в месяц . 
Вместе с сайтами партнеров ее контент собирает 75 миллионов просмотров в месяц , сообщил собеседник "Коммерсант" . 
Ресурс зарабатывает на продаже видеорекламы и спецпроектах . 
Самым известным шоу Caramba TV является "+ 100500" . 
Он также выходит на принадлежащем "СТС Медиа" канале "Перец" . 
"СТС Медиа" приобрел "Caramba TV" , чтобы диверсифицировать выручку за счет новых источников дохода и рынков с более высокими темпами роста . 
По его словам , с покупкой Caramba TV "СТС Медиа" сможет зарабатывать за счет обмена трафиком и контентом между своими ресурсами , а также снизит расходы на покупку трафика , на который сейчас тратит около 50 – 60 миллионов рублей в год . 
