Венедиктов сообщил о новой отставке гендиректора "Эха Москвы" 
	Person
	{
		Name = ВЕНЕДИКТОВ АЛЕКСЕЙ
	}
В "Газпром-медиа" назвали кандидатуру на пост гендиректора "Эха Москвы" - собираются вернуть Екатерину Павлову . 
	Person
	{
		Name = ПАВЛОВА ЕКАТЕРИНА
	}
Генеральный директор радиостанции "Эхо Москвы" Михаил Демин может вскоре покинуть свой пост . 
	Person
	{
		Name = ДЕМИН МИХАИЛ
	}
Об этом сообщил главный редактор Алексей Венедиктов , пишет Лента.ру . 
	Person
	{
		Name = ВЕНЕДИКТОВ АЛЕКСЕЙ
	}
Вопрос об увольнении генерального директора будет поднят во время собрания акционеров "Газпром-Медиа" в июне . 
"Чувствую себя клоуном в цирке . 
Опять смена гендира . 
Я голосовал против увольнения Федутинова , я голосовал против увольнения Павловой , я голосую против увольнения Демина" , — отмечает Венедиктов . 
	Person
	{
		Name = ФЕДУТИНОВА ЮРИЙ
	}
	Person
	{
		Name = ПАВЛОВА ЕКАТЕРИНА
	}
	Person
	{
		Name = ДЕМИН МИХАИЛ
	}
	Person
	{
		Name = ВЕНЕДИКТОВ АЛЕКСЕЙ
	}
Сам Демин сообщил , что ему известно о том , что вопрос об его отставке будет вынесен на голосование , однако отказался это комментировать . 
	Person
	{
		Name = ДЕМИН МИХАИЛ
	}
Демин был назначен генеральным директором радиостанции в декабре 2014 года , сменив Екатерину Павлову . 
	Person
	{
		Name = ДЕМИН МИХАИЛ
	}
	Person
	{
		Name = ПАВЛОВА ЕКАТЕРИНА
	}
Она была избрана на этот пост в феврале 2014 года после отстранения Юрия Федутинова , который руководил радиостанцией более 20 лет . 
	Person
	{
		Name = ФЕДУТИНОВА ЮРИЙ
	}
До своего избрания на пост гендиректора "Эха Москвы" Демин был PR-директором оргкомитета Олимпийских игр в Сочи . 
	Person
	{
		Name = ДЕМИН МИХАИЛ
	}
Тем временем стало известно , что "Газпром-медиа" выдвинет на пост генерального директора "Эха Москвы" Екатерину Павлову . 
	Person
	{
		Name = ПАВЛОВА ЕКАТЕРИНА
	}
"Холдинг "Газпром-Медиа" инициировал внеочередное общее собрание акционеров ЗАО "Эхо Москвы" , повестка дня которого включает вопрос о смене генерального директора радиостанции . 
"Газпром-Медиа" планирует выдвинуть кандидатуру бывшего генерального директора Екатерины Павловой" , — рассказали агентству . 
	Person
	{
		Name = ПАВЛОВА ЕКАТЕРИНА
	}
В холдинге уточнили , что действующему гендиректору Михаилу Демину будет предложена другая должность . 
	Person
	{
		Name = ДЕМИН МИХАИЛ
	}
