Марин Ле Пен стала кандидатом на пост главы Франции 
	Person
	{
		Name = ЛЕ МАРИН
	}
Дочь основателя Национального фронта имеет все шансы на победу в выборах . 
Кандидатом на выборы главы государства в 2012 году стала лидер французского крайне правого Национального фронта ( FN ) Марин Ле Пен , сообщает РИА "Новости" . 
	Person
	{
		Name = ЛЕ МАРИН
	}
Её выдвинуло политбюро партии . 
Вот как об этом сообщается в заявлении Нацфронта , распространённом в понедельник , 16 мая : "Политическое бюро Национального фронта на собрании в понедельник , 16 мая 2011 года , единогласно поддержало кандидатуру своего председателя Марин Ле Пен на выборах президента Республики" . 
	Person
	{
		Name = ЛЕ МАРИН
	}
Напомним , что отцом Марин Ле Пен является основатель Национального фронта Жан-Мари Ле Пен . 
	Person
	{
		Name = ЛЕ МАРИН
	}
	Person
	{
		Name = ЛЕ ЖАН-МАРИ
	}
По итогам проведённых опросов , у его дочери есть все шансы выйти во второй тур президентских выборов во Франции , которые состоятся 22 апреля ( первый тур ) и 6 мая ( второй тур ) 2012 года . 
О французском национальном самосознании читайте в статье Частного корреспондента "Французы по носу и по паспорту" 
