Скотланд-Ярд вызвал на допрос Руперта Мердока 
	Person
	{
		Name = МЕРДОКА РУПЕРТ
	}
83-летний медиамагнат является подозреваемым по делу о нарушении закона принадлежащими ему британскими газетами . 
Лондонская полиция — Скотланд-Ярд — официально вызвала 83-летнего медиамагната Руперта Мердока ( № 78 в глобальном рейтинге миллиардеров , доход семьи — 14,2 млрд долларов ) на допрос в качестве подозреваемого по делу о нарушении закона принадлежащими ему британскими газетами . 
	Person
	{
		Name = МЕРДОКА РУПЕРТ
	}
В первый раз полиция уведомила об этом Мердока в 2013 году . 
	Person
	{
		Name = МЕРДОКА РУПЕРТ
	}
Однако тогда с адвокатами медиамагната было достигнуто соглашение , что дальнейшие действия последуют после завершения процесса по делу о прослушке телефонных линий знаменитостей , политиков и членов королевских семей журналистами еженедельника News of the World . 
Во вторник , 24 июня , суд признал признал виновным по делу о прослушивании редактора таблоида Энди Коулсон . 
	Person
	{
		Name = КОУЛСОН ЭНДИ
	}
В то же время , все обвинения с помощницы Мердока и главы издательства News International были сняты . 
	Person
	{
		Name = МЕРДОКА РУПЕРТ
	}
Ранее , в октябре 2013 года , когда начались слушания по делу , свою вину в прослушивании разговоров признали трое бывших сотрудников закрытого за нарушения News of the World — старший корреспондент Невилл Терлбек , помощник редактора отдела новостей Джеймс Уитерап и редактор отдела новостей Грег Мискив . 
	Person
	{
		Name = УИТЕРАП ДЖЕЙМС
	}
	Person
	{
		Name = МИСКИВ ГРЕГ
	}
В прослушивании телефонных звонков также признался сотрудничавший с изданием частный детектив Гленн Малкейр , сотрудничавший с изданием . 
	Person
	{
		Name = МАЛКЕЙР ГЛЕНН
	}
О прослушивании телефонов сотрудниками News of the World стало известно в 2006 году . 
В 2007 году Коулсон был вынужден покинуть пост главного редактора газеты . 
	Person
	{
		Name = КОУЛСОН ЭНДИ
	}
Скандал разгорелся с новой силой в 2011 году — тогда стало известно , что это издание не прекратило подобную практику , а продолжило ее в еще больших масштабах . 
По информации следствия , прослушка велась на протяжении нескольких лет в течение 2000-х годов . 
О том , на что надеются британские медиа , читайте в статье Частного корреспондента "Руперт Мёрдок , до свидания" 
	Person
	{
		Name = МЁРДОК РУПЕРТ
	}
