30 марта 2011 года состояние здоровья Людмилы Гурченко неожиданно ухудшилось , что было вызвано недавно перенесённой операцией или сердечным приступом . 
	Person
	{
		Name = ГУРЧЕНКО ЛЮДМИЛА
	}
Весьма оперативно прибывшая по вызову бригада "Скорой помощи" ( 21 минута в пути ) не смогла её реанимировать , и в 19:28 была зафиксирована смерть . 
Это подтвердил муж актрисы Сергей Сенин . 
	Person
	{
		Name = СЕНИН СЕРГЕЙ
	}
За полтора месяца до смерти актриса подскользнулась у своего дома и получила серьёзную травму . 
Она была госпитализирована , на следующий день ей была сделана хирургическая операция , выписана 7 марта . 
Согласно информации , опубликованной в "КП" , в беседе по телефону сразу после операции актриса , на случай трагического финала , попросила не писать о ней слов "великая" , "прекрасная" , "любимая миллионами" , "заслуженная" , "необыкновенная" и попросила : "Напишите просто - Людмила Гурченко . 
	Person
	{
		Name = ГУРЧЕНКО ЛЮДМИЛА
	}
Не люблю я весь этот пафос" . 
Глава государства Дмитрий Медведев и Председатель Правительства РФ Владимир Путин выразили глубочайшие соболезнования семье актрисы . 
	Person
	{
		Name = МЕДВЕДЕВ ДМИТРИЙ
	}
	Person
	{
		Name = ПУТИН ВЛАДИМИР
	}
В субботу в Центральном доме литераторов состоится прощание с актрисой . 
Похороны Людмилы Марковны состоятся 2 апреля на Новодевичьем кладбище . 
