Попытка покушения совершена вчера вечером на квартире Исы Ямадаева . 
	Person
	{
		Name = ЯМАДАЕВА ИСА
	}
Как рассказывает сам Ямадаев , он знал о готовящемся преступлении и попросил защиты у сотрудников уголовного розыска , которые присутствовали в квартире на момент попытки покушения . 
	Person
	{
		Name = ЯМАДАЕВ ИСА
	}
Неизвестный мужчина пытался выстрелить в спину Исе Ямадаеву , но был обезоружен и в настоящее время ведётся следствие . 
	Person
	{
		Name = ЯМАДАЕВУ ИСА
	}
Как передала радиостанция "Маяк" , по факту покушения на Ису Ямадаева возбуждено уголовное дело . 
	Person
	{
		Name = ЯМАДАЕВА ИСА
	}
Об этом сообщил официальный представитель Следственного комитета при прокуратуре Владимир Маркин . 
	Person
	{
		Name = МАРКИН ВЛАДИМИР
	}
Председатель Исламского комитета России Гейдар Джемаль в интервью "Свободной прессе" говорит о том , что касается попытки покушения на Ису : « . . . да , конечно , это новость , которая ложится в канву всех предыдущих событий . 
	Person
	{
		Name = ДЖЕМАЛЬ ГЕЙДАР
	}
И тут вешай не вешай собак , но люди , которые были арестованы по делу Сулима в Эмиратах , и дают показания , имеют прямое отношение к Рамзану Кадырову" . 
	Person
	{
		Name = КАДЫРОВ РАМЗАН
	}
Как известно , Иса Ямадаев является братом Сулимы Ямадаева , Героя Российской Федерации , на которого в ОАЭ была совершена попытка покушения 28 марта . 
	Person
	{
		Name = ЯМАДАЕВ ИСА
	}
	Person
	{
		Name = ЯМАДАЕВА ИСА
	}
Первоначально говорилось о заказном убийстве и похоронах Сулима Ямадаева , но Генеральная прокуратура ОАЭ , как пишет "Gzt.Ru" , 23 июля передала дело Сулима Ямадаева в суд , сформулировав его суть как покушение на убийство , а не как убийство . 
	Person
	{
		Name = ЯМАДАЕВА ИСА
	}
	Person
	{
		Name = ЯМАДАЕВА ИСА
	}
Иса Ямадаев является третьим из братьев Ямадаевых , на которых уже совершены покушения . 
	Person
	{
		Name = ЯМАДАЕВ ИСА
	}
