Владимир Путин согласился занять пост премьер-министра РФ в случае , если Дмитрий Медведев выиграет грядущие президентские выборы . 
	Person
	{
		Name = ПУТИН ВЛАДИМИР
	}
	Person
	{
		Name = МЕДВЕДЕВ ДМИТРИЙ
	}
Об этом нынешний российский президент заявил , выступая на VII съезде партии "Единая Россия" , где также было официально объявлено о выдвижении Медведева кандидатом . 
	Person
	{
		Name = МЕДВЕДЕВ ДМИТРИЙ
	}
О том , что будет выдвинут именно он , стало известно 10 декабря , днём позже Медведев предложил Путину премьерский пост в случае своей победы . 
	Person
	{
		Name = МЕДВЕДЕВ ДМИТРИЙ
	}
	Person
	{
		Name = ПУТИН ВЛАДИМИР
	}
Ранее в декабре появилась информация о том , что Путин после ухода с поста президента может возглавить союзное государство России и Белоруссии , но она была опровергнута официальными представителями Путина . 
	Person
	{
		Name = ПУТИН ВЛАДИМИР
	}
	Person
	{
		Name = ПУТИН ВЛАДИМИР
	}
