Министерство внутренних дел Пакистана заявило о том , что Беназир Бхутто освобождена из-под домашнего ареста , сообщает France-Presse . 
	Person
	{
		Name = БХУТТО БЕНАЗИР
	}
Правительство Пакистана объясняло арест необходимостью защиты Бхутто на митинге оппозиции в пятницу . 
	Person
	{
		Name = БХУТТО БЕНАЗИР
	}
За последние дни было арестовано 5000 активистов Народной партии , возглавляемой Бхутто . 
	Person
	{
		Name = БХУТТО БЕНАЗИР
	}
Бхутто заявила по телефону агенству France-Presse : "Я не боюсь их тактики . 
	Person
	{
		Name = БХУТТО БЕНАЗИР
	}
Моя борьба — за людей Пакистана , за их права и за конец диктатуры" . 
