Сегодня в Москве на 40-й день после смерти Егора Свиридова прошли посвященные ему акции памяти . 
	Person
	{
		Name = СВИРИДОВ ЕГОР
	}
К Кронштадтскому бульвару , где болельщика "Спартака" Егора Свиридова убили в драке между славянами и кавказцами , пришли возложить цветы десятки людей , особенно молодых , – преимущественно ультраправые и футбольные болельщики . 
	Person
	{
		Name = СВИРИДОВ ЕГОР
	}
И тишина . . . 
Все прошло мирно и не столь массово . 
Правда , были задержания , но , как пояснили в милиции , профилактические . 
Одним словом , очередной "Русский марш" не состоялся . 
Впрочем , показательно , что на Манежной площади в этот день дежурило множество милиционеров . 
Как известно , 11 декабря на площадь вырвались до 6 тысяч националистов и футбольных фанатов , устроивших погромы . 
Сегодня на Кронштадтском бульваре не было почти никакой символики . 
Единственный крупный плакат , который держали собравшиеся , был с фотографией Свиридова . 
	Person
	{
		Name = СВИРИДОВ ЕГОР
	}
На нем надпись – "40 дней без Егора" . 
"Смерть Егора стала переломным моментом , когда люди , не боясь , говорят : "Нам надоело терпеть , что нас убивают на нашей собственной земле" , – сказал в беседе с корреспондентом "Голоса Америки" лидер Движения против нелегальной иммиграции Александр Белов . 
	Person
	{
		Name = БЕЛОВ АЛЕКСАНДР
	}
"Эх , яблочко" . . . 
Кроме сторонников ДПНИ , к Кронштадтскому бульвару хотели прийти представители партии "Яблоко" , чтобы принять участие в поминовении Егора Свиридова . 
	Person
	{
		Name = СВИРИДОВ ЕГОР
	}
В итоге , там появились только несколько яблочников , включая главу партии Сергея Митрохина . 
	Person
	{
		Name = МИТРОХИН СЕРГЕЙ
	}
Пробыл он здесь недолго и вскоре скрылся под матерные выкрики товарищей и сторонников Егора Свиридова . 
	Person
	{
		Name = СВИРИДОВ ЕГОР
	}
Сам Александр Белов оказался более дипломатичным : "Для нас было несколько неожиданно , что заявку ( о том , чтобы возложить цветы к месту гибели Свиридова – В. Л. ) подал по личной инициативе советник руководителя партии "Яблоко" Артур Гороховский" . 
	Person
	{
		Name = БЕЛОВ АЛЕКСАНДР
	}
	Person
	{
		Name = СВИРИДОВ ЕГОР
	}
	Person
	{
		Name = ГОРОХОВСКИЙ АРТУР
	}
"Это была не политическая акция , но , конечно , она имеет общественное значение , – уточнил Белов . 
	Person
	{
		Name = БЕЛОВ АЛЕКСАНДР
	}
– По договоренности с ГУВД было решено не устраивать никаких маршей , чтобы не омрачать этот день столкновениями , а объявить его днем памяти" . 
"Смешивать это с какими-то беспорядками , с давлением на власть – сегодня , в этот день , не нужно , но как объединяющий фактор , безусловно , это работает" , – заключил Белов . 
	Person
	{
		Name = БЕЛОВ АЛЕКСАНДР
	}
Инициатива "Яблока" оказалась неожиданной не только для Александра Белова , но и для его идейного оппонента Александра Брода , известного борца с ксенофобией , члена Общественной палаты и российско-американской рабочей группы по гражданскому обществу . 
	Person
	{
		Name = БЕЛОВ АЛЕКСАНДР
	}
	Person
	{
		Name = БРОДА АЛЕКСАНДР
	}
"Меня вообще несколько удивляет , что фигура Свиридова стала использоваться многими политиками и общественными деятелями для своей раскрутки , – сказал Александр Брод . 
	Person
	{
		Name = МЕНЬ
	}
	Person
	{
		Name = СВИРИДОВ ЕГОР
	}
	Person
	{
		Name = БРОД АЛЕКСАНДР
	}
– Мне было удивительно , для чего представителям партии "Яблоко" было возлагать цветы к могиле Свиридова и пытаться выступить . 
	Person
	{
		Name = СВИРИДОВ ЕГОР
	}
Очень странно , что некоторые представители демократического лагеря даже пытались вести переговоры с ДПНИ" . 
Напомним , что прежде в интервью "Голосу Америки" Александр Белов говорил , что с ним и его сторонниками либералы не готовы вести диалог . 
	Person
	{
		Name = БЕЛОВ АЛЕКСАНДР
	}
"Мне кажется , – продолжил Брод , – что уже много сказали о Свиридове , о неэффективности работы правоохранительных органов , отдали ему необходимые почести , но делать из этого человека , при всем моем сострадании к нему , такую героическую , мученическую , культовую фигуру – это уже перехлест" . 
	Person
	{
		Name = БРОД АЛЕКСАНДР
	}
	Person
	{
		Name = СВИРИДОВ ЕГОР
	}
Начнем , помолясь Между тем , сегодняшнюю панихиду по Егору Свиридову возглавил протоирей Всеволод Чаплин , глава синодального Отдела по взаимоотношениям Церкви и общества . 
	Person
	{
		Name = СВИРИДОВ ЕГОР
	}
	Person
	{
		Name = ЧАПЛИН ВСЕВОЛОД
	}
На панихиде он призвал к тому , чтобы "Россия жила не по законам джунглей и гор , а по божьему и человеческим законам" . 
"Мы знаем , как опасно разделение людей по национальному признаку . 
Оно может погубить Россию , лишить нас будущего . 
Но мы точно так же знаем , как опасна несправедливость , когда преступление остается без наказания , когда люди , не знающие ни стыда , ни совести , пытаются сломать нашу волю , лишить наш народ его самостоятельности , духовности , свободы" , – сказал протоиерей . 
Вот как эту панихиду прокомментировал писатель и журналист Виктор Шендерович , который 26 декабря провел антифашистский митинг против тех , кто вышел на Манежную площадь : "К сожалению , Русская Православная Церковь – как институт , а не как вера частных людей – уже давно и глубоко увязла в политике , и ее участие в таком контексте , заодно с ДПНИ , – это для меня лишнее подтверждение того , что это не институт веры , а институт политического влияния" . 
	Person
	{
		Name = ШЕНДЕРОВИЧ ВИКТОР
	}
"Эта панихида не имеет никакого отношения к погибшему Егору Свиридову , – утверждает Виктор Шендерович , – мне ничего не известно о его религиозных взглядах , мне ничего неизвестно о том , что он был православным или был убит как православный – стало быть , мы имеем дело с попыткой набрать очередные очки на националистической истерике" . 
	Person
	{
		Name = СВИРИДОВ ЕГОР
	}
	Person
	{
		Name = ШЕНДЕРОВИЧ ВИКТОР
	}
"К сожалению , Русская Православная Церковь и национализм уже давно связались в нашем сознании в нечто единое" , – подытожил Шендерович . 
	Person
	{
		Name = ШЕНДЕРОВИЧ ВИКТОР
	}
Александр Брод , в свою очередь , сказал , что духовным лидерам РПЦ следовало бы больше выступать "с критикой проявления расизма , ксенофобии и любых форм нетерпимости" . 
	Person
	{
		Name = БРОД АЛЕКСАНДР
	}
Брод напомнил о том , что не так давно в церковных лавках можно было купить антисемитскую литературу типа "Протоколов сионских мудрецов" . 
	Person
	{
		Name = БРОД АЛЕКСАНДР
	}
Брод также напомнил о том , что "зачастую в выступлениях воинствующих ксенофобов затрагиваются интересы православия" . 
	Person
	{
		Name = БРОД АЛЕКСАНДР
	}
Он привел пример с судебным процессом против газеты "Русская правда" , где , по словам Брода , "публиковались обвинения антисемитского характера и была такая трактовка , что христианство – это религия , насажденная иудеями , для того , чтобы поработить русских" . 
	Person
	{
		Name = БРОДА АЛЕКСАНДР
	}
Виктор Шендерович вспомнил о черносотенном движении , когда ксенофобские лозунги звучали под сопровождение православных молитв , и сказал , что такой союз "опасен для православия как веры , потому что эта девальвирует веру миллионов отдельных людей" . 
	Person
	{
		Name = ШЕНДЕРОВИЧ ВИКТОР
	}
Акции памяти Егора Свиридова прошли сегодня и в других городах России . 
	Person
	{
		Name = СВИРИДОВ ЕГОР
	}
