Встреча с послом Италии в миде Грузии 
По инициативе итальянской стороны чрезвычайный и полномочный посол Италии в Грузии Виторио Сандали встретился с заместителем министра иностранных дел Грузии Александром Налбандовым . 
	Person
	{
		Name = САНДАЛИ ВИТОРИО
	}
	Person
	{
		Name = НАЛБАНДОВЫМ АЛЕКСАНДР
	}
Предметом обсуждения стали вопросы сотрудничества в международных организациях . 
