красный буквы 
	F
	{
		A = красный буква
	}
красного букв 
	F
	{
		A = красного буква
	}
красному буквам 
	F
	{
		A = красному буква
	}
красный буквы 
	F
	{
		A = красный буква
	}
красным буквами 
красном буквах 
	F
	{
		A = красном буква
	}
