красный буквы 
красного букв 
красному буквам 
красный буквы 
красным буквами 
красном буквах 
