красивый человек 
	F
	{
		A = красивый человек
	}
красивого человека 
	F
	{
		A = красивый человек
	}
красивому человеку 
	F
	{
		A = красивый человек
	}
красивого человека 
	F
	{
		A = красивый человек
	}
красивым человеком 
	F
	{
		A = красивый человек
	}
красивом человеке 
	F
	{
		A = красивый человек
	}
красивые люди 
	F
	{
		A = красивые человек
	}
красивых людей 
	F
	{
		A = красивые человек
	}
красивым людям 
	F
	{
		A = красивый человек
	}
красивых людей 
	F
	{
		A = красивые человек
	}
красивыми людьми 
	F
	{
		A = красивые человек
	}
красивых людях 
	F
	{
		A = красивые человек
	}
