красный буква 
	F
	{
		A = красный буква
	}
красного буквы 
	F
	{
		A = красного буква
	}
красному букве 
	F
	{
		A = красному буква
	}
красный буква 
	F
	{
		A = красный буква
	}
красным буквой 
	F
	{
		A = красным буква
	}
красном букве 
	F
	{
		A = красном буква
	}
красные буквы 
красных букв 
красным буквам 
красные буквы 
красными буквами 
красных буквах 
