красный буква 
красного буквы 
красному букве 
красный буква 
красным буквой 
красном букве 
красные буквы 
	F
	{
		A = красную буква
	}
красных букв 
	F
	{
		A = красного буква
	}
красным буквам 
	F
	{
		A = красным буква
	}
красные буквы 
	F
	{
		A = красную буква
	}
красными буквами 
	F
	{
		A = красным буква
	}
красных буквах 
	F
	{
		A = красного буква
	}
