красный стол 
	F
	{
		A = красный стол
	}
красного стола 
	F
	{
		A = красный стол
	}
красному столу 
	F
	{
		A = красный стол
	}
красный стол 
	F
	{
		A = красный стол
	}
красным столом 
	F
	{
		A = красный стол
	}
красном столе 
	F
	{
		A = красный стол
	}
красные столы 
	F
	{
		A = красные стол
	}
красных столов 
	F
	{
		A = красные стол
	}
красным столам 
	F
	{
		A = красный стол
	}
красные столы 
	F
	{
		A = красные стол
	}
красными столами 
	F
	{
		A = красные стол
	}
красных столах 
	F
	{
		A = красные стол
	}
