красный буква 
красного буквы 
красному букве 
красный буква 
красным буквой 
красном букве 
красные буквы 
красных букв 
красным буквам 
красные буквы 
красными буквами 
красных буквах 
