красивый человек 
красивого человека 
красивому человеку 
красивого человека 
красивым человеком 
красивом человеке 
красивые люди 
красивых людей 
красивым людям 
красивых людей 
красивыми людьми 
красивых людях 
