зелёное пальто 
	F
	{
		A = зелёное пальто
	}
зелёного пальто 
	F
	{
		A = зелёного пальто
	}
зелёному пальто 
	F
	{
		A = зелёному пальто
	}
зелёное пальто 
	F
	{
		A = зелёное пальто
	}
зелёным пальто 
	F
	{
		A = зелёным пальто
	}
зелёном пальто 
	F
	{
		A = зелёном пальто
	}
зелёные пальто 
	F
	{
		A = зеленое пальто
	}
зелёных пальто 
	F
	{
		A = зеленое пальто
	}
зелёным пальто 
	F
	{
		A = зелёным пальто
	}
зелёные пальто 
	F
	{
		A = зеленое пальто
	}
зелёными пальто 
	F
	{
		A = зеленым пальто
	}
зелёных пальто 
	F
	{
		A = зеленое пальто
	}
