красный буквы 
красного букв 
красному буквам 
красный буквы 
красным буквами 
	F
	{
		A = красным буква
	}
красном буквах 
