красивый человек 
красивого человека 
красивому человеку 
красивого человека 
красивым человеком 
красивом человеке 
красивые люди 
	F
	{
		A = красивые человек
	}
красивых людей 
	F
	{
		A = красивых человек
	}
красивым людям 
	F
	{
		A = красивым человек
	}
красивых людей 
	F
	{
		A = красивых человек
	}
красивыми людьми 
	F
	{
		A = красивыми человек
	}
красивых людях 
	F
	{
		A = красивых человек
	}
