красивый человек 
	F
	{
		A = красивый человек
	}
красивого человека 
	F
	{
		A = красивого человек
	}
красивому человеку 
	F
	{
		A = красивому человек
	}
красивого человека 
	F
	{
		A = красивого человек
	}
красивым человеком 
	F
	{
		A = красивым человек
	}
красивом человеке 
	F
	{
		A = красивом человек
	}
красивые люди 
	F
	{
		A = красивый человек
	}
красивых людей 
	F
	{
		A = красивого человек
	}
красивым людям 
	F
	{
		A = красивым человек
	}
красивых людей 
	F
	{
		A = красивого человек
	}
красивыми людьми 
	F
	{
		A = красивым человек
	}
красивых людях 
	F
	{
		A = красивого человек
	}
