красный буква 
	F
	{
		A = красный буква
	}
красного буквы 
	F
	{
		A = красный буква
	}
красному букве 
	F
	{
		A = красный буква
	}
красный буква 
	F
	{
		A = красный буква
	}
красным буквой 
	F
	{
		A = красный буква
	}
красном букве 
	F
	{
		A = красный буква
	}
красные буквы 
	F
	{
		A = красные буква
	}
красных букв 
	F
	{
		A = красные буква
	}
красным буквам 
	F
	{
		A = красный буква
	}
красные буквы 
	F
	{
		A = красные буква
	}
красными буквами 
	F
	{
		A = красные буква
	}
красных буквах 
	F
	{
		A = красные буква
	}
