зелёное пальто 
	F
	{
		A = зеленое пальто
	}
зелёного пальто 
	F
	{
		A = зеленое пальто
	}
зелёному пальто 
	F
	{
		A = зеленое пальто
	}
зелёное пальто 
	F
	{
		A = зеленое пальто
	}
зелёным пальто 
	F
	{
		A = зеленое пальто
	}
зелёном пальто 
	F
	{
		A = зеленое пальто
	}
зелёные пальто 
	F
	{
		A = зеленое пальто
	}
зелёных пальто 
	F
	{
		A = зеленое пальто
	}
зелёным пальто 
	F
	{
		A = зеленое пальто
	}
зелёные пальто 
	F
	{
		A = зеленое пальто
	}
зелёными пальто 
	F
	{
		A = зеленое пальто
	}
зелёных пальто 
	F
	{
		A = зеленое пальто
	}
