красный буквы 
	F
	{
		A = красный буква
	}
красного букв 
	F
	{
		A = красный буква
	}
красному буквам 
	F
	{
		A = красный буква
	}
красный буквы 
	F
	{
		A = красный буква
	}
красным буквами 
	F
	{
		A = красный буква
	}
красном буквах 
	F
	{
		A = красный буква
	}
