красивый человек 
	F
	{
		A = красивый человек
	}
красивого человека 
	F
	{
		A = красивый человек
	}
красивому человеку 
	F
	{
		A = красивый человек
	}
красивого человека 
	F
	{
		A = красивый человек
	}
красивым человеком 
	F
	{
		A = красивый человек
	}
красивом человеке 
	F
	{
		A = красивый человек
	}
красивые люди 
красивых людей 
красивым людям 
красивых людей 
красивыми людьми 
красивых людях 
